// Jest Snapshot v1, https://goo.gl/fbAQLP

exports[`NavLink should match snapshot 1`] = `
.c0 {
  display: inline-block;
  border-radius: 3px;
  padding: 0.5rem 0;
  margin: 0.5rem 1rem;
  width: 11rem;
  background: transparent;
  color: white;
  border: 2px solid white;
}

<button
  class="c0"
  data-hook="styled-button"
/>
`;
